// Jest Snapshot v1, https://goo.gl/fbAQLP

exports[`TodoList matches snapshot 1`] = `
<DocumentFragment>
  <div
    class="Todos"
  >
    <div
      class="card bg-light mb-3"
    >
      <div
        class="card-body"
      >
        <form
          class="TodoForm row"
        >
          <div
            class="col-10"
          >
            <input
              class="form-control"
              id="task"
              name="task"
              placeholder="Enter a new task"
              type="text"
              value=""
            />
          </div>
          <div
            class="col-2"
          >
            <button
              class="btn btn-primary w-100"
              type="submit"
            >
              Add
            </button>
          </div>
        </form>
      </div>
    </div>
    <div
      class="mt-3"
    />
  </div>
</DocumentFragment>
`;
