// Jest Snapshot v1, https://goo.gl/fbAQLP

exports[`matches snapshot 1`] = `
<DocumentFragment>
  <div
    class="Todo d-flex justify-content-between align-items-center border p-3 mb-2"
  >
    <div
      class="Todo-task"
    >
      A Task
    </div>
    <button
      class="btn btn-danger btn-sm"
    >
      X
    </button>
  </div>
</DocumentFragment>
`;
